Desk online (PAPER)
[Higher] BN7GBd1K -> liq 17843
[SHITCOIN] 5VEUV7a2 -> liq 19
[SGI] HvpfLzix -> liq 10397
[TREEPAD] 4TYZirGG -> liq 4172
[TRUMPCAT] 3Jeqe46j -> liq 0
[Flamingo] 3hHBYaLe -> liq 0
[KNOCK] D3fbMAYF -> liq 4
[SHIB] Eu6FyM2i -> liq 0
[CLOVER] 9GoCKMmd -> liq 0
[XP] F8TgYKei -> weak buy ratio
[TOMMIE] BzstJkZw -> liq 0
[Lens] GhY5U2sr -> liq 0
[CRYPTY] FdyHx1LK -> liq 0
[ARTCOIN] 2vC3GeJp -> liq 0
[MIGUEL] J4PpzVUi -> liq 1
[NEXUM] ENqnTTnW -> liq 2940
[CATCHA] AZ7ct58h -> liq 1
[CATMAN] CbVdpnv4 -> liq 1
[Dex] 9Yfvb6oC -> liq 0
[BOND] HhGnytP9 -> liq 3791
[HI] EmJXvqXr -> liq 0
[Orb] Ej5mBqsa -> liq 1
[froges] HPfAsXXt -> liq 1
[BEARY] 5Qp2CwEH -> liq 16337
[cage] FCw238FJ -> liq 682
DESK REPORT: no closed trades yet | open 0
[Mog] gMBa9ekz -> liq 6121
